Archive member included to satisfy reference by file (symbol)

/usr/lib/gcc/arm-none-eabi/6.3.1/../../../arm-none-eabi/lib/thumb/v7e-m/libc.a(lib_a-atexit.o)
                              /usr/lib/gcc/arm-none-eabi/6.3.1/../../../arm-none-eabi/lib/thumb/v7e-m/crt0.o (atexit)
/usr/lib/gcc/arm-none-eabi/6.3.1/../../../arm-none-eabi/lib/thumb/v7e-m/libc.a(lib_a-exit.o)
                              /usr/lib/gcc/arm-none-eabi/6.3.1/../../../arm-none-eabi/lib/thumb/v7e-m/crt0.o (exit)
/usr/lib/gcc/arm-none-eabi/6.3.1/../../../arm-none-eabi/lib/thumb/v7e-m/libc.a(lib_a-fini.o)
                              /usr/lib/gcc/arm-none-eabi/6.3.1/../../../arm-none-eabi/lib/thumb/v7e-m/crt0.o (__libc_fini_array)
/usr/lib/gcc/arm-none-eabi/6.3.1/../../../arm-none-eabi/lib/thumb/v7e-m/libc.a(lib_a-impure.o)
                              /usr/lib/gcc/arm-none-eabi/6.3.1/../../../arm-none-eabi/lib/thumb/v7e-m/libc.a(lib_a-exit.o) (_global_impure_ptr)
/usr/lib/gcc/arm-none-eabi/6.3.1/../../../arm-none-eabi/lib/thumb/v7e-m/libc.a(lib_a-init.o)
                              /usr/lib/gcc/arm-none-eabi/6.3.1/../../../arm-none-eabi/lib/thumb/v7e-m/crt0.o (__libc_init_array)
/usr/lib/gcc/arm-none-eabi/6.3.1/../../../arm-none-eabi/lib/thumb/v7e-m/libc.a(lib_a-malloc.o)
                              main.o (malloc)
/usr/lib/gcc/arm-none-eabi/6.3.1/../../../arm-none-eabi/lib/thumb/v7e-m/libc.a(lib_a-mallocr.o)
                              /usr/lib/gcc/arm-none-eabi/6.3.1/../../../arm-none-eabi/lib/thumb/v7e-m/libc.a(lib_a-malloc.o) (_malloc_r)
/usr/lib/gcc/arm-none-eabi/6.3.1/../../../arm-none-eabi/lib/thumb/v7e-m/libc.a(lib_a-memset.o)
                              /usr/lib/gcc/arm-none-eabi/6.3.1/../../../arm-none-eabi/lib/thumb/v7e-m/crt0.o (memset)
/usr/lib/gcc/arm-none-eabi/6.3.1/../../../arm-none-eabi/lib/thumb/v7e-m/libc.a(lib_a-mlock.o)
                              /usr/lib/gcc/arm-none-eabi/6.3.1/../../../arm-none-eabi/lib/thumb/v7e-m/libc.a(lib_a-mallocr.o) (__malloc_lock)
/usr/lib/gcc/arm-none-eabi/6.3.1/../../../arm-none-eabi/lib/thumb/v7e-m/libc.a(lib_a-sbrkr.o)
                              /usr/lib/gcc/arm-none-eabi/6.3.1/../../../arm-none-eabi/lib/thumb/v7e-m/libc.a(lib_a-mallocr.o) (_sbrk_r)
/usr/lib/gcc/arm-none-eabi/6.3.1/../../../arm-none-eabi/lib/thumb/v7e-m/libc.a(lib_a-__atexit.o)
                              /usr/lib/gcc/arm-none-eabi/6.3.1/../../../arm-none-eabi/lib/thumb/v7e-m/libc.a(lib_a-atexit.o) (__register_exitproc)
/usr/lib/gcc/arm-none-eabi/6.3.1/../../../arm-none-eabi/lib/thumb/v7e-m/libc.a(lib_a-__call_atexit.o)
                              /usr/lib/gcc/arm-none-eabi/6.3.1/../../../arm-none-eabi/lib/thumb/v7e-m/libc.a(lib_a-exit.o) (__call_exitprocs)
/usr/lib/gcc/arm-none-eabi/6.3.1/../../../arm-none-eabi/lib/thumb/v7e-m/libc.a(lib_a-freer.o)
                              /usr/lib/gcc/arm-none-eabi/6.3.1/../../../arm-none-eabi/lib/thumb/v7e-m/libc.a(lib_a-malloc.o) (_free_r)
/usr/lib/gcc/arm-none-eabi/6.3.1/../../../arm-none-eabi/lib/thumb/v7e-m/libc.a(lib_a-reent.o)
                              /usr/lib/gcc/arm-none-eabi/6.3.1/../../../arm-none-eabi/lib/thumb/v7e-m/libc.a(lib_a-sbrkr.o) (errno)
/usr/lib/gcc/arm-none-eabi/6.3.1/../../../arm-none-eabi/lib/thumb/v7e-m/libnosys.a(sbrk.o)
                              /usr/lib/gcc/arm-none-eabi/6.3.1/../../../arm-none-eabi/lib/thumb/v7e-m/libc.a(lib_a-sbrkr.o) (_sbrk)
/usr/lib/gcc/arm-none-eabi/6.3.1/../../../arm-none-eabi/lib/thumb/v7e-m/libnosys.a(_exit.o)
                              /usr/lib/gcc/arm-none-eabi/6.3.1/../../../arm-none-eabi/lib/thumb/v7e-m/libc.a(lib_a-exit.o) (_exit)

Allocating common symbols
Common symbol       size              file

errno               0x4               /usr/lib/gcc/arm-none-eabi/6.3.1/../../../arm-none-eabi/lib/thumb/v7e-m/libc.a(lib_a-reent.o)

Memory Configuration

Name             Origin             Length             Attributes
MAIN_FLASH       0x0000000000000000 0x0000000000040000 xr
INFO_FLASH       0x0000000000200000 0x0000000000004000 xr
SRAM_CODE        0x0000000001000000 0x0000000000010000 xrw
SRAM_DATA        0x0000000020000000 0x0000000000010000 rw
*default*        0x0000000000000000 0xffffffffffffffff

Linker script and memory map

LOAD /usr/lib/gcc/arm-none-eabi/6.3.1/thumb/v7e-m/crti.o
LOAD /usr/lib/gcc/arm-none-eabi/6.3.1/thumb/v7e-m/crtbegin.o
LOAD /usr/lib/gcc/arm-none-eabi/6.3.1/../../../arm-none-eabi/lib/thumb/v7e-m/crt0.o
LOAD main.o
LOAD misc.o
START GROUP
LOAD /usr/lib/gcc/arm-none-eabi/6.3.1/thumb/v7e-m/libgcc.a
LOAD /usr/lib/gcc/arm-none-eabi/6.3.1/../../../arm-none-eabi/lib/thumb/v7e-m/libc.a
END GROUP
START GROUP
LOAD /usr/lib/gcc/arm-none-eabi/6.3.1/thumb/v7e-m/libgcc.a
LOAD /usr/lib/gcc/arm-none-eabi/6.3.1/../../../arm-none-eabi/lib/thumb/v7e-m/libc.a
LOAD /usr/lib/gcc/arm-none-eabi/6.3.1/../../../arm-none-eabi/lib/thumb/v7e-m/libnosys.a
END GROUP
LOAD /usr/lib/gcc/arm-none-eabi/6.3.1/thumb/v7e-m/crtend.o
LOAD /usr/lib/gcc/arm-none-eabi/6.3.1/thumb/v7e-m/crtn.o
                0x0000000000000000                PROVIDE (_intvecs_base_address, DEFINED (_intvecs_base_address)?_intvecs_base_address:0x0)

.intvecs
 *(.intvecs)
                0x0000000000200000                PROVIDE (_mailbox_base_address, 0x200000)

.flashMailbox
 *(.flashMailbox)
                0x0000000000201000                PROVIDE (_tlv_base_address, 0x201000)

.tlvTable
 *(.tlvTable)
                0x0000000000202000                PROVIDE (_bsl_base_address, 0x202000)

.bslArea
 *(.bslArea)
                0x0000000020000000                PROVIDE (_vtable_base_address, DEFINED (_vtable_base_address)?_vtable_base_address:0x20000000)

.vtable
 *(.vtable)

.text           0x0000000000000000      0xda4
 CREATE_OBJECT_SYMBOLS
 *(.text)
 .text          0x0000000000000000        0x0 /usr/lib/gcc/arm-none-eabi/6.3.1/thumb/v7e-m/crti.o
 .text          0x0000000000000000       0xa4 /usr/lib/gcc/arm-none-eabi/6.3.1/thumb/v7e-m/crtbegin.o
 .text          0x00000000000000a4       0x68 /usr/lib/gcc/arm-none-eabi/6.3.1/../../../arm-none-eabi/lib/thumb/v7e-m/crt0.o
                0x00000000000000a4                _mainCRTStartup
                0x00000000000000a4                _start
 .text          0x000000000000010c       0x58 main.o
                0x000000000000010c                main
 .text          0x0000000000000164       0x74 misc.o
                0x0000000000000164                func
 .text          0x00000000000001d8        0xc /usr/lib/gcc/arm-none-eabi/6.3.1/../../../arm-none-eabi/lib/thumb/v7e-m/libc.a(lib_a-atexit.o)
                0x00000000000001d8                atexit
 .text          0x00000000000001e4       0x20 /usr/lib/gcc/arm-none-eabi/6.3.1/../../../arm-none-eabi/lib/thumb/v7e-m/libc.a(lib_a-exit.o)
                0x00000000000001e4                exit
 .text          0x0000000000000204       0x34 /usr/lib/gcc/arm-none-eabi/6.3.1/../../../arm-none-eabi/lib/thumb/v7e-m/libc.a(lib_a-fini.o)
                0x0000000000000204                __libc_fini_array
 .text          0x0000000000000238        0x0 /usr/lib/gcc/arm-none-eabi/6.3.1/../../../arm-none-eabi/lib/thumb/v7e-m/libc.a(lib_a-impure.o)
 .text          0x0000000000000238       0x50 /usr/lib/gcc/arm-none-eabi/6.3.1/../../../arm-none-eabi/lib/thumb/v7e-m/libc.a(lib_a-init.o)
                0x0000000000000238                __libc_init_array
 .text          0x0000000000000288       0x20 /usr/lib/gcc/arm-none-eabi/6.3.1/../../../arm-none-eabi/lib/thumb/v7e-m/libc.a(lib_a-malloc.o)
                0x0000000000000288                malloc
                0x0000000000000298                free
 .text          0x00000000000002a8      0x554 /usr/lib/gcc/arm-none-eabi/6.3.1/../../../arm-none-eabi/lib/thumb/v7e-m/libc.a(lib_a-mallocr.o)
                0x00000000000002a8                _malloc_r
 .text          0x00000000000007fc       0x9c /usr/lib/gcc/arm-none-eabi/6.3.1/../../../arm-none-eabi/lib/thumb/v7e-m/libc.a(lib_a-memset.o)
                0x00000000000007fc                memset
 .text          0x0000000000000898        0x8 /usr/lib/gcc/arm-none-eabi/6.3.1/../../../arm-none-eabi/lib/thumb/v7e-m/libc.a(lib_a-mlock.o)
                0x0000000000000898                __malloc_lock
                0x000000000000089c                __malloc_unlock
 .text          0x00000000000008a0       0x24 /usr/lib/gcc/arm-none-eabi/6.3.1/../../../arm-none-eabi/lib/thumb/v7e-m/libc.a(lib_a-sbrkr.o)
                0x00000000000008a0                _sbrk_r
 .text          0x00000000000008c4       0xa4 /usr/lib/gcc/arm-none-eabi/6.3.1/../../../arm-none-eabi/lib/thumb/v7e-m/libc.a(lib_a-__atexit.o)
                0x00000000000008c4                __register_exitproc
 .text          0x0000000000000968       0xd4 /usr/lib/gcc/arm-none-eabi/6.3.1/../../../arm-none-eabi/lib/thumb/v7e-m/libc.a(lib_a-__call_atexit.o)
                0x0000000000000968                __call_exitprocs
 .text          0x0000000000000a3c      0x26c /usr/lib/gcc/arm-none-eabi/6.3.1/../../../arm-none-eabi/lib/thumb/v7e-m/libc.a(lib_a-freer.o)
                0x0000000000000a3c                _malloc_trim_r
                0x0000000000000adc                _free_r
 .text          0x0000000000000ca8       0xa4 /usr/lib/gcc/arm-none-eabi/6.3.1/../../../arm-none-eabi/lib/thumb/v7e-m/libc.a(lib_a-reent.o)
                0x0000000000000ca8                cleanup_glue
                0x0000000000000cc4                _reclaim_reent
 .text          0x0000000000000d4c       0x1c /usr/lib/gcc/arm-none-eabi/6.3.1/../../../arm-none-eabi/lib/thumb/v7e-m/libnosys.a(sbrk.o)
                0x0000000000000d4c                _sbrk
 .text          0x0000000000000d68        0x4 /usr/lib/gcc/arm-none-eabi/6.3.1/../../../arm-none-eabi/lib/thumb/v7e-m/libnosys.a(_exit.o)
                0x0000000000000d68                _exit
 .text          0x0000000000000d6c        0x0 /usr/lib/gcc/arm-none-eabi/6.3.1/thumb/v7e-m/crtend.o
 .text          0x0000000000000d6c        0x0 /usr/lib/gcc/arm-none-eabi/6.3.1/thumb/v7e-m/crtn.o
 *(.text.*)
 .text.startup  0x0000000000000d6c       0x14 /usr/lib/gcc/arm-none-eabi/6.3.1/../../../arm-none-eabi/lib/thumb/v7e-m/libc.a(lib_a-__call_atexit.o)
                0x0000000000000d80                . = ALIGN (0x4)
 *(.ctors)
                0x0000000000000d80                . = ALIGN (0x4)
 *(.dtors)
                0x0000000000000d80                . = ALIGN (0x4)
                0x0000000000000d80                __init_array_start = .
 *(.init_array*)
 .init_array    0x0000000000000d80        0x4 /usr/lib/gcc/arm-none-eabi/6.3.1/thumb/v7e-m/crtbegin.o
 .init_array.00000
                0x0000000000000d84        0x4 /usr/lib/gcc/arm-none-eabi/6.3.1/../../../arm-none-eabi/lib/thumb/v7e-m/libc.a(lib_a-__call_atexit.o)
                0x0000000000000d88                __init_array_end = .
 *(.init)
 .init          0x0000000000000d88        0x4 /usr/lib/gcc/arm-none-eabi/6.3.1/thumb/v7e-m/crti.o
                0x0000000000000d88                _init
 .init          0x0000000000000d8c        0x8 /usr/lib/gcc/arm-none-eabi/6.3.1/thumb/v7e-m/crtn.o
 *(.fini*)
 .fini          0x0000000000000d94        0x4 /usr/lib/gcc/arm-none-eabi/6.3.1/thumb/v7e-m/crti.o
                0x0000000000000d94                _fini
 .fini_array    0x0000000000000d98        0x4 /usr/lib/gcc/arm-none-eabi/6.3.1/thumb/v7e-m/crtbegin.o
 .fini          0x0000000000000d9c        0x8 /usr/lib/gcc/arm-none-eabi/6.3.1/thumb/v7e-m/crtn.o

.glue_7         0x0000000000000da4        0x0
 .glue_7        0x0000000000000da4        0x0 linker stubs

.glue_7t        0x0000000000000da4        0x0
 .glue_7t       0x0000000000000da4        0x0 linker stubs

.vfp11_veneer   0x0000000000000da4        0x0
 .vfp11_veneer  0x0000000000000da4        0x0 linker stubs

.v4_bx          0x0000000000000da4        0x0
 .v4_bx         0x0000000000000da4        0x0 linker stubs

.iplt           0x0000000000000da4        0x0
 .iplt          0x0000000000000da4        0x0 /usr/lib/gcc/arm-none-eabi/6.3.1/thumb/v7e-m/crtbegin.o

.rodata         0x0000000000000da4       0x1c
 *(.rodata)
 .rodata        0x0000000000000da4        0x4 main.o
                0x0000000000000da4                g2
 .rodata        0x0000000000000da8        0xe misc.o
 *fill*         0x0000000000000db6        0x2 
 .rodata        0x0000000000000db8        0x4 /usr/lib/gcc/arm-none-eabi/6.3.1/../../../arm-none-eabi/lib/thumb/v7e-m/libc.a(lib_a-impure.o)
                0x0000000000000db8                _global_impure_ptr
 *(.rodata.*)
 .rodata.str1.4
                0x0000000000000dbc        0x4 /usr/lib/gcc/arm-none-eabi/6.3.1/../../../arm-none-eabi/lib/thumb/v7e-m/libc.a(lib_a-impure.o)
                                          0x2 (size before relaxing)

.eh_frame       0x0000000000000dc0        0x4
 .eh_frame      0x0000000000000dc0        0x0 /usr/lib/gcc/arm-none-eabi/6.3.1/thumb/v7e-m/crtbegin.o
 .eh_frame      0x0000000000000dc0        0x4 /usr/lib/gcc/arm-none-eabi/6.3.1/thumb/v7e-m/crtend.o

.ARM.exidx      0x0000000000000dc4        0x8
                0x0000000000000dc4                __exidx_start = .
 *(.ARM.exidx* .gnu.linkonce.armexidx.*)
 .ARM.exidx     0x0000000000000dc4        0x8 /usr/lib/gcc/arm-none-eabi/6.3.1/../../../arm-none-eabi/lib/thumb/v7e-m/crt0.o
                0x0000000000000dcc                __exidx_end = .

.ARM.extab      0x0000000000000dcc        0x0
 *(.ARM.extab* .gnu.linkonce.armextab.*)
 .ARM.extab     0x0000000000000dcc        0x0 /usr/lib/gcc/arm-none-eabi/6.3.1/../../../arm-none-eabi/lib/thumb/v7e-m/crt0.o
                0x0000000000000dcc                __etext = .

.rel.dyn        0x0000000000000dcc        0x0
 .rel.iplt      0x0000000000000dcc        0x0 /usr/lib/gcc/arm-none-eabi/6.3.1/thumb/v7e-m/crtbegin.o

.data           0x0000000020000000      0x870 load address 0x0000000000000dcc
                0x0000000000000dcc                __data_load__ = LOADADDR (.data)
                0x0000000020000000                __data_start__ = .
 *(.data)
 .data          0x0000000020000000        0x0 /usr/lib/gcc/arm-none-eabi/6.3.1/thumb/v7e-m/crti.o
 .data          0x0000000020000000        0x4 /usr/lib/gcc/arm-none-eabi/6.3.1/thumb/v7e-m/crtbegin.o
                0x0000000020000000                __dso_handle
 .data          0x0000000020000004        0x0 /usr/lib/gcc/arm-none-eabi/6.3.1/../../../arm-none-eabi/lib/thumb/v7e-m/crt0.o
 .data          0x0000000020000004        0x1 main.o
                0x0000000020000004                g3
 *fill*         0x0000000020000005        0x3 
 .data          0x0000000020000008       0x28 misc.o
                0x0000000020000008                g5
 .data          0x0000000020000030        0x0 /usr/lib/gcc/arm-none-eabi/6.3.1/../../../arm-none-eabi/lib/thumb/v7e-m/libc.a(lib_a-atexit.o)
 .data          0x0000000020000030        0x0 /usr/lib/gcc/arm-none-eabi/6.3.1/../../../arm-none-eabi/lib/thumb/v7e-m/libc.a(lib_a-exit.o)
 .data          0x0000000020000030        0x0 /usr/lib/gcc/arm-none-eabi/6.3.1/../../../arm-none-eabi/lib/thumb/v7e-m/libc.a(lib_a-fini.o)
 .data          0x0000000020000030      0x430 /usr/lib/gcc/arm-none-eabi/6.3.1/../../../arm-none-eabi/lib/thumb/v7e-m/libc.a(lib_a-impure.o)
                0x0000000020000030                _impure_ptr
 .data          0x0000000020000460        0x0 /usr/lib/gcc/arm-none-eabi/6.3.1/../../../arm-none-eabi/lib/thumb/v7e-m/libc.a(lib_a-init.o)
 .data          0x0000000020000460        0x0 /usr/lib/gcc/arm-none-eabi/6.3.1/../../../arm-none-eabi/lib/thumb/v7e-m/libc.a(lib_a-malloc.o)
 .data          0x0000000020000460      0x410 /usr/lib/gcc/arm-none-eabi/6.3.1/../../../arm-none-eabi/lib/thumb/v7e-m/libc.a(lib_a-mallocr.o)
                0x0000000020000460                __malloc_av_
                0x0000000020000868                __malloc_sbrk_base
                0x000000002000086c                __malloc_trim_threshold
 .data          0x0000000020000870        0x0 /usr/lib/gcc/arm-none-eabi/6.3.1/../../../arm-none-eabi/lib/thumb/v7e-m/libc.a(lib_a-memset.o)
 .data          0x0000000020000870        0x0 /usr/lib/gcc/arm-none-eabi/6.3.1/../../../arm-none-eabi/lib/thumb/v7e-m/libc.a(lib_a-mlock.o)
 .data          0x0000000020000870        0x0 /usr/lib/gcc/arm-none-eabi/6.3.1/../../../arm-none-eabi/lib/thumb/v7e-m/libc.a(lib_a-sbrkr.o)
 .data          0x0000000020000870        0x0 /usr/lib/gcc/arm-none-eabi/6.3.1/../../../arm-none-eabi/lib/thumb/v7e-m/libc.a(lib_a-__atexit.o)
 .data          0x0000000020000870        0x0 /usr/lib/gcc/arm-none-eabi/6.3.1/../../../arm-none-eabi/lib/thumb/v7e-m/libc.a(lib_a-__call_atexit.o)
 .data          0x0000000020000870        0x0 /usr/lib/gcc/arm-none-eabi/6.3.1/../../../arm-none-eabi/lib/thumb/v7e-m/libc.a(lib_a-freer.o)
 .data          0x0000000020000870        0x0 /usr/lib/gcc/arm-none-eabi/6.3.1/../../../arm-none-eabi/lib/thumb/v7e-m/libc.a(lib_a-reent.o)
 .data          0x0000000020000870        0x0 /usr/lib/gcc/arm-none-eabi/6.3.1/../../../arm-none-eabi/lib/thumb/v7e-m/libnosys.a(sbrk.o)
 .data          0x0000000020000870        0x0 /usr/lib/gcc/arm-none-eabi/6.3.1/../../../arm-none-eabi/lib/thumb/v7e-m/libnosys.a(_exit.o)
 .data          0x0000000020000870        0x0 /usr/lib/gcc/arm-none-eabi/6.3.1/thumb/v7e-m/crtend.o
 .data          0x0000000020000870        0x0 /usr/lib/gcc/arm-none-eabi/6.3.1/thumb/v7e-m/crtn.o
 *(.data*)
                0x0000000020000870                . = ALIGN (0x4)
                0x0000000020000870                __data_end__ = .

.jcr            0x0000000020000870        0x4 load address 0x000000000000163c
 .jcr           0x0000000020000870        0x0 /usr/lib/gcc/arm-none-eabi/6.3.1/thumb/v7e-m/crtbegin.o
 .jcr           0x0000000020000870        0x4 /usr/lib/gcc/arm-none-eabi/6.3.1/thumb/v7e-m/crtend.o

.tm_clone_table
                0x0000000020000874        0x0 load address 0x0000000000001640
 .tm_clone_table
                0x0000000020000874        0x0 /usr/lib/gcc/arm-none-eabi/6.3.1/thumb/v7e-m/crtbegin.o
 .tm_clone_table
                0x0000000020000874        0x0 /usr/lib/gcc/arm-none-eabi/6.3.1/thumb/v7e-m/crtend.o

.igot.plt       0x0000000020000874        0x0 load address 0x0000000000001640
 .igot.plt      0x0000000020000874        0x0 /usr/lib/gcc/arm-none-eabi/6.3.1/thumb/v7e-m/crtbegin.o

.bss            0x0000000020000874       0x64
                0x0000000020000874                __bss_start__ = .
 *(.shbss)
 *(.bss)
 .bss           0x0000000020000874        0x0 /usr/lib/gcc/arm-none-eabi/6.3.1/thumb/v7e-m/crti.o
 .bss           0x0000000020000874       0x1c /usr/lib/gcc/arm-none-eabi/6.3.1/thumb/v7e-m/crtbegin.o
 .bss           0x0000000020000890        0x0 /usr/lib/gcc/arm-none-eabi/6.3.1/../../../arm-none-eabi/lib/thumb/v7e-m/crt0.o
 .bss           0x0000000020000890        0x5 main.o
                0x0000000020000894                g4
 *fill*         0x0000000020000895        0x3 
 .bss           0x0000000020000898        0x4 misc.o
 .bss           0x000000002000089c        0x0 /usr/lib/gcc/arm-none-eabi/6.3.1/../../../arm-none-eabi/lib/thumb/v7e-m/libc.a(lib_a-atexit.o)
 .bss           0x000000002000089c        0x0 /usr/lib/gcc/arm-none-eabi/6.3.1/../../../arm-none-eabi/lib/thumb/v7e-m/libc.a(lib_a-exit.o)
 .bss           0x000000002000089c        0x0 /usr/lib/gcc/arm-none-eabi/6.3.1/../../../arm-none-eabi/lib/thumb/v7e-m/libc.a(lib_a-fini.o)
 .bss           0x000000002000089c        0x0 /usr/lib/gcc/arm-none-eabi/6.3.1/../../../arm-none-eabi/lib/thumb/v7e-m/libc.a(lib_a-impure.o)
 .bss           0x000000002000089c        0x0 /usr/lib/gcc/arm-none-eabi/6.3.1/../../../arm-none-eabi/lib/thumb/v7e-m/libc.a(lib_a-init.o)
 .bss           0x000000002000089c        0x0 /usr/lib/gcc/arm-none-eabi/6.3.1/../../../arm-none-eabi/lib/thumb/v7e-m/libc.a(lib_a-malloc.o)
 .bss           0x000000002000089c       0x34 /usr/lib/gcc/arm-none-eabi/6.3.1/../../../arm-none-eabi/lib/thumb/v7e-m/libc.a(lib_a-mallocr.o)
                0x000000002000089c                __malloc_top_pad
                0x00000000200008a0                __malloc_current_mallinfo
                0x00000000200008c8                __malloc_max_sbrked_mem
                0x00000000200008cc                __malloc_max_total_mem
 .bss           0x00000000200008d0        0x0 /usr/lib/gcc/arm-none-eabi/6.3.1/../../../arm-none-eabi/lib/thumb/v7e-m/libc.a(lib_a-memset.o)
 .bss           0x00000000200008d0        0x0 /usr/lib/gcc/arm-none-eabi/6.3.1/../../../arm-none-eabi/lib/thumb/v7e-m/libc.a(lib_a-mlock.o)
 .bss           0x00000000200008d0        0x0 /usr/lib/gcc/arm-none-eabi/6.3.1/../../../arm-none-eabi/lib/thumb/v7e-m/libc.a(lib_a-sbrkr.o)
 .bss           0x00000000200008d0        0x0 /usr/lib/gcc/arm-none-eabi/6.3.1/../../../arm-none-eabi/lib/thumb/v7e-m/libc.a(lib_a-__atexit.o)
 .bss           0x00000000200008d0        0x0 /usr/lib/gcc/arm-none-eabi/6.3.1/../../../arm-none-eabi/lib/thumb/v7e-m/libc.a(lib_a-__call_atexit.o)
 .bss           0x00000000200008d0        0x0 /usr/lib/gcc/arm-none-eabi/6.3.1/../../../arm-none-eabi/lib/thumb/v7e-m/libc.a(lib_a-freer.o)
 .bss           0x00000000200008d0        0x0 /usr/lib/gcc/arm-none-eabi/6.3.1/../../../arm-none-eabi/lib/thumb/v7e-m/libc.a(lib_a-reent.o)
 .bss           0x00000000200008d0        0x4 /usr/lib/gcc/arm-none-eabi/6.3.1/../../../arm-none-eabi/lib/thumb/v7e-m/libnosys.a(sbrk.o)
 .bss           0x00000000200008d4        0x0 /usr/lib/gcc/arm-none-eabi/6.3.1/../../../arm-none-eabi/lib/thumb/v7e-m/libnosys.a(_exit.o)
 .bss           0x00000000200008d4        0x0 /usr/lib/gcc/arm-none-eabi/6.3.1/thumb/v7e-m/crtend.o
 .bss           0x00000000200008d4        0x0 /usr/lib/gcc/arm-none-eabi/6.3.1/thumb/v7e-m/crtn.o
 *(.bss.*)
 *(COMMON)
 COMMON         0x00000000200008d4        0x4 /usr/lib/gcc/arm-none-eabi/6.3.1/../../../arm-none-eabi/lib/thumb/v7e-m/libc.a(lib_a-reent.o)
                0x00000000200008d4                errno
                0x00000000200008d8                . = ALIGN (0x4)
                0x00000000200008d8                __bss_end__ = .

.heap           0x00000000200008d8        0x0
                0x00000000200008d8                __heap_start__ = .
                0x00000000200008d8                end = __heap_start__
                0x00000000200008d8                _end = end
                0x00000000200008d8                __end = end
 *(.heap)
                0x00000000200008d8                __heap_end__ = .
                0x00000000200008d8                __HeapLimit = __heap_end__

.stack          0x00000000200008d8        0x0
                0x00000000200008d8                _stack = .
                0x00000000200008d8                __stack = .
 *(.stack)
OUTPUT(c1m3.out elf32-littlearm)

.ARM.attributes
                0x0000000000000000       0x2a
 .ARM.attributes
                0x0000000000000000       0x1e /usr/lib/gcc/arm-none-eabi/6.3.1/thumb/v7e-m/crti.o
 .ARM.attributes
                0x000000000000001e       0x2e /usr/lib/gcc/arm-none-eabi/6.3.1/thumb/v7e-m/crtbegin.o
 .ARM.attributes
                0x000000000000004c       0x1c /usr/lib/gcc/arm-none-eabi/6.3.1/../../../arm-none-eabi/lib/thumb/v7e-m/crt0.o
 .ARM.attributes
                0x0000000000000068       0x33 main.o
 .ARM.attributes
                0x000000000000009b       0x33 misc.o
 .ARM.attributes
                0x00000000000000ce       0x2e /usr/lib/gcc/arm-none-eabi/6.3.1/../../../arm-none-eabi/lib/thumb/v7e-m/libc.a(lib_a-atexit.o)
 .ARM.attributes
                0x00000000000000fc       0x2e /usr/lib/gcc/arm-none-eabi/6.3.1/../../../arm-none-eabi/lib/thumb/v7e-m/libc.a(lib_a-exit.o)
 .ARM.attributes
                0x000000000000012a       0x2e /usr/lib/gcc/arm-none-eabi/6.3.1/../../../arm-none-eabi/lib/thumb/v7e-m/libc.a(lib_a-fini.o)
 .ARM.attributes
                0x0000000000000158       0x2e /usr/lib/gcc/arm-none-eabi/6.3.1/../../../arm-none-eabi/lib/thumb/v7e-m/libc.a(lib_a-impure.o)
 .ARM.attributes
                0x0000000000000186       0x2e /usr/lib/gcc/arm-none-eabi/6.3.1/../../../arm-none-eabi/lib/thumb/v7e-m/libc.a(lib_a-init.o)
 .ARM.attributes
                0x00000000000001b4       0x2e /usr/lib/gcc/arm-none-eabi/6.3.1/../../../arm-none-eabi/lib/thumb/v7e-m/libc.a(lib_a-malloc.o)
 .ARM.attributes
                0x00000000000001e2       0x2e /usr/lib/gcc/arm-none-eabi/6.3.1/../../../arm-none-eabi/lib/thumb/v7e-m/libc.a(lib_a-mallocr.o)
 .ARM.attributes
                0x0000000000000210       0x2e /usr/lib/gcc/arm-none-eabi/6.3.1/../../../arm-none-eabi/lib/thumb/v7e-m/libc.a(lib_a-memset.o)
 .ARM.attributes
                0x000000000000023e       0x2e /usr/lib/gcc/arm-none-eabi/6.3.1/../../../arm-none-eabi/lib/thumb/v7e-m/libc.a(lib_a-mlock.o)
 .ARM.attributes
                0x000000000000026c       0x2e /usr/lib/gcc/arm-none-eabi/6.3.1/../../../arm-none-eabi/lib/thumb/v7e-m/libc.a(lib_a-sbrkr.o)
 .ARM.attributes
                0x000000000000029a       0x2e /usr/lib/gcc/arm-none-eabi/6.3.1/../../../arm-none-eabi/lib/thumb/v7e-m/libc.a(lib_a-__atexit.o)
 .ARM.attributes
                0x00000000000002c8       0x2e /usr/lib/gcc/arm-none-eabi/6.3.1/../../../arm-none-eabi/lib/thumb/v7e-m/libc.a(lib_a-__call_atexit.o)
 .ARM.attributes
                0x00000000000002f6       0x2e /usr/lib/gcc/arm-none-eabi/6.3.1/../../../arm-none-eabi/lib/thumb/v7e-m/libc.a(lib_a-freer.o)
 .ARM.attributes
                0x0000000000000324       0x2e /usr/lib/gcc/arm-none-eabi/6.3.1/../../../arm-none-eabi/lib/thumb/v7e-m/libc.a(lib_a-reent.o)
 .ARM.attributes
                0x0000000000000352       0x2e /usr/lib/gcc/arm-none-eabi/6.3.1/../../../arm-none-eabi/lib/thumb/v7e-m/libnosys.a(sbrk.o)
 .ARM.attributes
                0x0000000000000380       0x2e /usr/lib/gcc/arm-none-eabi/6.3.1/../../../arm-none-eabi/lib/thumb/v7e-m/libnosys.a(_exit.o)
 .ARM.attributes
                0x00000000000003ae       0x2e /usr/lib/gcc/arm-none-eabi/6.3.1/thumb/v7e-m/crtend.o
 .ARM.attributes
                0x00000000000003dc       0x1e /usr/lib/gcc/arm-none-eabi/6.3.1/thumb/v7e-m/crtn.o

.comment        0x0000000000000000       0x31
 .comment       0x0000000000000000       0x31 /usr/lib/gcc/arm-none-eabi/6.3.1/thumb/v7e-m/crtbegin.o
                                         0x32 (size before relaxing)
 .comment       0x0000000000000031       0x32 main.o
 .comment       0x0000000000000031       0x32 misc.o
 .comment       0x0000000000000031       0x32 /usr/lib/gcc/arm-none-eabi/6.3.1/../../../arm-none-eabi/lib/thumb/v7e-m/libc.a(lib_a-atexit.o)
 .comment       0x0000000000000031       0x32 /usr/lib/gcc/arm-none-eabi/6.3.1/../../../arm-none-eabi/lib/thumb/v7e-m/libc.a(lib_a-exit.o)
 .comment       0x0000000000000031       0x32 /usr/lib/gcc/arm-none-eabi/6.3.1/../../../arm-none-eabi/lib/thumb/v7e-m/libc.a(lib_a-fini.o)
 .comment       0x0000000000000031       0x32 /usr/lib/gcc/arm-none-eabi/6.3.1/../../../arm-none-eabi/lib/thumb/v7e-m/libc.a(lib_a-impure.o)
 .comment       0x0000000000000031       0x32 /usr/lib/gcc/arm-none-eabi/6.3.1/../../../arm-none-eabi/lib/thumb/v7e-m/libc.a(lib_a-init.o)
 .comment       0x0000000000000031       0x32 /usr/lib/gcc/arm-none-eabi/6.3.1/../../../arm-none-eabi/lib/thumb/v7e-m/libc.a(lib_a-malloc.o)
 .comment       0x0000000000000031       0x32 /usr/lib/gcc/arm-none-eabi/6.3.1/../../../arm-none-eabi/lib/thumb/v7e-m/libc.a(lib_a-mallocr.o)
 .comment       0x0000000000000031       0x32 /usr/lib/gcc/arm-none-eabi/6.3.1/../../../arm-none-eabi/lib/thumb/v7e-m/libc.a(lib_a-memset.o)
 .comment       0x0000000000000031       0x32 /usr/lib/gcc/arm-none-eabi/6.3.1/../../../arm-none-eabi/lib/thumb/v7e-m/libc.a(lib_a-mlock.o)
 .comment       0x0000000000000031       0x32 /usr/lib/gcc/arm-none-eabi/6.3.1/../../../arm-none-eabi/lib/thumb/v7e-m/libc.a(lib_a-sbrkr.o)
 .comment       0x0000000000000031       0x32 /usr/lib/gcc/arm-none-eabi/6.3.1/../../../arm-none-eabi/lib/thumb/v7e-m/libc.a(lib_a-__atexit.o)
 .comment       0x0000000000000031       0x32 /usr/lib/gcc/arm-none-eabi/6.3.1/../../../arm-none-eabi/lib/thumb/v7e-m/libc.a(lib_a-__call_atexit.o)
 .comment       0x0000000000000031       0x32 /usr/lib/gcc/arm-none-eabi/6.3.1/../../../arm-none-eabi/lib/thumb/v7e-m/libc.a(lib_a-freer.o)
 .comment       0x0000000000000031       0x32 /usr/lib/gcc/arm-none-eabi/6.3.1/../../../arm-none-eabi/lib/thumb/v7e-m/libc.a(lib_a-reent.o)
 .comment       0x0000000000000031       0x32 /usr/lib/gcc/arm-none-eabi/6.3.1/../../../arm-none-eabi/lib/thumb/v7e-m/libnosys.a(sbrk.o)
 .comment       0x0000000000000031       0x32 /usr/lib/gcc/arm-none-eabi/6.3.1/../../../arm-none-eabi/lib/thumb/v7e-m/libnosys.a(_exit.o)
 .comment       0x0000000000000031       0x32 /usr/lib/gcc/arm-none-eabi/6.3.1/thumb/v7e-m/crtend.o

.debug_line     0x0000000000000000     0x15ec
 .debug_line    0x0000000000000000       0x7e /usr/lib/gcc/arm-none-eabi/6.3.1/../../../arm-none-eabi/lib/thumb/v7e-m/crt0.o
 .debug_line    0x000000000000007e      0x151 /usr/lib/gcc/arm-none-eabi/6.3.1/../../../arm-none-eabi/lib/thumb/v7e-m/libc.a(lib_a-atexit.o)
 .debug_line    0x00000000000001cf      0x162 /usr/lib/gcc/arm-none-eabi/6.3.1/../../../arm-none-eabi/lib/thumb/v7e-m/libc.a(lib_a-exit.o)
 .debug_line    0x0000000000000331       0x9f /usr/lib/gcc/arm-none-eabi/6.3.1/../../../arm-none-eabi/lib/thumb/v7e-m/libc.a(lib_a-fini.o)
 .debug_line    0x00000000000003d0       0xe9 /usr/lib/gcc/arm-none-eabi/6.3.1/../../../arm-none-eabi/lib/thumb/v7e-m/libc.a(lib_a-impure.o)
 .debug_line    0x00000000000004b9       0xb8 /usr/lib/gcc/arm-none-eabi/6.3.1/../../../arm-none-eabi/lib/thumb/v7e-m/libc.a(lib_a-init.o)
 .debug_line    0x0000000000000571      0x154 /usr/lib/gcc/arm-none-eabi/6.3.1/../../../arm-none-eabi/lib/thumb/v7e-m/libc.a(lib_a-malloc.o)
 .debug_line    0x00000000000006c5      0x391 /usr/lib/gcc/arm-none-eabi/6.3.1/../../../arm-none-eabi/lib/thumb/v7e-m/libc.a(lib_a-mallocr.o)
 .debug_line    0x0000000000000a56      0x176 /usr/lib/gcc/arm-none-eabi/6.3.1/../../../arm-none-eabi/lib/thumb/v7e-m/libc.a(lib_a-memset.o)
 .debug_line    0x0000000000000bcc       0xf8 /usr/lib/gcc/arm-none-eabi/6.3.1/../../../arm-none-eabi/lib/thumb/v7e-m/libc.a(lib_a-mlock.o)
 .debug_line    0x0000000000000cc4      0x15a /usr/lib/gcc/arm-none-eabi/6.3.1/../../../arm-none-eabi/lib/thumb/v7e-m/libc.a(lib_a-sbrkr.o)
 .debug_line    0x0000000000000e1e      0x184 /usr/lib/gcc/arm-none-eabi/6.3.1/../../../arm-none-eabi/lib/thumb/v7e-m/libc.a(lib_a-__atexit.o)
 .debug_line    0x0000000000000fa2      0x1b2 /usr/lib/gcc/arm-none-eabi/6.3.1/../../../arm-none-eabi/lib/thumb/v7e-m/libc.a(lib_a-__call_atexit.o)
 .debug_line    0x0000000000001154      0x269 /usr/lib/gcc/arm-none-eabi/6.3.1/../../../arm-none-eabi/lib/thumb/v7e-m/libc.a(lib_a-freer.o)
 .debug_line    0x00000000000013bd      0x179 /usr/lib/gcc/arm-none-eabi/6.3.1/../../../arm-none-eabi/lib/thumb/v7e-m/libc.a(lib_a-reent.o)
 .debug_line    0x0000000000001536       0x5b /usr/lib/gcc/arm-none-eabi/6.3.1/../../../arm-none-eabi/lib/thumb/v7e-m/libnosys.a(sbrk.o)
 .debug_line    0x0000000000001591       0x5b /usr/lib/gcc/arm-none-eabi/6.3.1/../../../arm-none-eabi/lib/thumb/v7e-m/libnosys.a(_exit.o)

.debug_info     0x0000000000000000     0x7aee
 .debug_info    0x0000000000000000       0xa4 /usr/lib/gcc/arm-none-eabi/6.3.1/../../../arm-none-eabi/lib/thumb/v7e-m/crt0.o
 .debug_info    0x00000000000000a4      0x907 /usr/lib/gcc/arm-none-eabi/6.3.1/../../../arm-none-eabi/lib/thumb/v7e-m/libc.a(lib_a-atexit.o)
 .debug_info    0x00000000000009ab      0x93d /usr/lib/gcc/arm-none-eabi/6.3.1/../../../arm-none-eabi/lib/thumb/v7e-m/libc.a(lib_a-exit.o)
 .debug_info    0x00000000000012e8       0xfa /usr/lib/gcc/arm-none-eabi/6.3.1/../../../arm-none-eabi/lib/thumb/v7e-m/libc.a(lib_a-fini.o)
 .debug_info    0x00000000000013e2      0x8a5 /usr/lib/gcc/arm-none-eabi/6.3.1/../../../arm-none-eabi/lib/thumb/v7e-m/libc.a(lib_a-impure.o)
 .debug_info    0x0000000000001c87      0x110 /usr/lib/gcc/arm-none-eabi/6.3.1/../../../arm-none-eabi/lib/thumb/v7e-m/libc.a(lib_a-init.o)
 .debug_info    0x0000000000001d97      0x922 /usr/lib/gcc/arm-none-eabi/6.3.1/../../../arm-none-eabi/lib/thumb/v7e-m/libc.a(lib_a-malloc.o)
 .debug_info    0x00000000000026b9      0xdf1 /usr/lib/gcc/arm-none-eabi/6.3.1/../../../arm-none-eabi/lib/thumb/v7e-m/libc.a(lib_a-mallocr.o)
 .debug_info    0x00000000000034aa      0x91b /usr/lib/gcc/arm-none-eabi/6.3.1/../../../arm-none-eabi/lib/thumb/v7e-m/libc.a(lib_a-memset.o)
 .debug_info    0x0000000000003dc5      0x8d8 /usr/lib/gcc/arm-none-eabi/6.3.1/../../../arm-none-eabi/lib/thumb/v7e-m/libc.a(lib_a-mlock.o)
 .debug_info    0x000000000000469d      0x95a /usr/lib/gcc/arm-none-eabi/6.3.1/../../../arm-none-eabi/lib/thumb/v7e-m/libc.a(lib_a-sbrkr.o)
 .debug_info    0x0000000000004ff7      0x950 /usr/lib/gcc/arm-none-eabi/6.3.1/../../../arm-none-eabi/lib/thumb/v7e-m/libc.a(lib_a-__atexit.o)
 .debug_info    0x0000000000005947      0x9bc /usr/lib/gcc/arm-none-eabi/6.3.1/../../../arm-none-eabi/lib/thumb/v7e-m/libc.a(lib_a-__call_atexit.o)
 .debug_info    0x0000000000006303      0xca9 /usr/lib/gcc/arm-none-eabi/6.3.1/../../../arm-none-eabi/lib/thumb/v7e-m/libc.a(lib_a-freer.o)
 .debug_info    0x0000000000006fac      0xa18 /usr/lib/gcc/arm-none-eabi/6.3.1/../../../arm-none-eabi/lib/thumb/v7e-m/libc.a(lib_a-reent.o)
 .debug_info    0x00000000000079c4       0x90 /usr/lib/gcc/arm-none-eabi/6.3.1/../../../arm-none-eabi/lib/thumb/v7e-m/libnosys.a(sbrk.o)
 .debug_info    0x0000000000007a54       0x9a /usr/lib/gcc/arm-none-eabi/6.3.1/../../../arm-none-eabi/lib/thumb/v7e-m/libnosys.a(_exit.o)

.debug_abbrev   0x0000000000000000     0x1bb8
 .debug_abbrev  0x0000000000000000       0x14 /usr/lib/gcc/arm-none-eabi/6.3.1/../../../arm-none-eabi/lib/thumb/v7e-m/crt0.o
 .debug_abbrev  0x0000000000000014      0x1f6 /usr/lib/gcc/arm-none-eabi/6.3.1/../../../arm-none-eabi/lib/thumb/v7e-m/libc.a(lib_a-atexit.o)
 .debug_abbrev  0x000000000000020a      0x1e7 /usr/lib/gcc/arm-none-eabi/6.3.1/../../../arm-none-eabi/lib/thumb/v7e-m/libc.a(lib_a-exit.o)
 .debug_abbrev  0x00000000000003f1       0xbd /usr/lib/gcc/arm-none-eabi/6.3.1/../../../arm-none-eabi/lib/thumb/v7e-m/libc.a(lib_a-fini.o)
 .debug_abbrev  0x00000000000004ae      0x189 /usr/lib/gcc/arm-none-eabi/6.3.1/../../../arm-none-eabi/lib/thumb/v7e-m/libc.a(lib_a-impure.o)
 .debug_abbrev  0x0000000000000637       0xba /usr/lib/gcc/arm-none-eabi/6.3.1/../../../arm-none-eabi/lib/thumb/v7e-m/libc.a(lib_a-init.o)
 .debug_abbrev  0x00000000000006f1      0x1f6 /usr/lib/gcc/arm-none-eabi/6.3.1/../../../arm-none-eabi/lib/thumb/v7e-m/libc.a(lib_a-malloc.o)
 .debug_abbrev  0x00000000000008e7      0x2c4 /usr/lib/gcc/arm-none-eabi/6.3.1/../../../arm-none-eabi/lib/thumb/v7e-m/libc.a(lib_a-mallocr.o)
 .debug_abbrev  0x0000000000000bab      0x1cd /usr/lib/gcc/arm-none-eabi/6.3.1/../../../arm-none-eabi/lib/thumb/v7e-m/libc.a(lib_a-memset.o)
 .debug_abbrev  0x0000000000000d78      0x1ca /usr/lib/gcc/arm-none-eabi/6.3.1/../../../arm-none-eabi/lib/thumb/v7e-m/libc.a(lib_a-mlock.o)
 .debug_abbrev  0x0000000000000f42      0x20c /usr/lib/gcc/arm-none-eabi/6.3.1/../../../arm-none-eabi/lib/thumb/v7e-m/libc.a(lib_a-sbrkr.o)
 .debug_abbrev  0x000000000000114e      0x220 /usr/lib/gcc/arm-none-eabi/6.3.1/../../../arm-none-eabi/lib/thumb/v7e-m/libc.a(lib_a-__atexit.o)
 .debug_abbrev  0x000000000000136e      0x270 /usr/lib/gcc/arm-none-eabi/6.3.1/../../../arm-none-eabi/lib/thumb/v7e-m/libc.a(lib_a-__call_atexit.o)
 .debug_abbrev  0x00000000000015de      0x27a /usr/lib/gcc/arm-none-eabi/6.3.1/../../../arm-none-eabi/lib/thumb/v7e-m/libc.a(lib_a-freer.o)
 .debug_abbrev  0x0000000000001858      0x26d /usr/lib/gcc/arm-none-eabi/6.3.1/../../../arm-none-eabi/lib/thumb/v7e-m/libc.a(lib_a-reent.o)
 .debug_abbrev  0x0000000000001ac5       0x92 /usr/lib/gcc/arm-none-eabi/6.3.1/../../../arm-none-eabi/lib/thumb/v7e-m/libnosys.a(sbrk.o)
 .debug_abbrev  0x0000000000001b57       0x61 /usr/lib/gcc/arm-none-eabi/6.3.1/../../../arm-none-eabi/lib/thumb/v7e-m/libnosys.a(_exit.o)

.debug_aranges  0x0000000000000000      0x220
 .debug_aranges
                0x0000000000000000       0x20 /usr/lib/gcc/arm-none-eabi/6.3.1/../../../arm-none-eabi/lib/thumb/v7e-m/crt0.o
 .debug_aranges
                0x0000000000000020       0x20 /usr/lib/gcc/arm-none-eabi/6.3.1/../../../arm-none-eabi/lib/thumb/v7e-m/libc.a(lib_a-atexit.o)
 .debug_aranges
                0x0000000000000040       0x20 /usr/lib/gcc/arm-none-eabi/6.3.1/../../../arm-none-eabi/lib/thumb/v7e-m/libc.a(lib_a-exit.o)
 .debug_aranges
                0x0000000000000060       0x20 /usr/lib/gcc/arm-none-eabi/6.3.1/../../../arm-none-eabi/lib/thumb/v7e-m/libc.a(lib_a-fini.o)
 .debug_aranges
                0x0000000000000080       0x18 /usr/lib/gcc/arm-none-eabi/6.3.1/../../../arm-none-eabi/lib/thumb/v7e-m/libc.a(lib_a-impure.o)
 .debug_aranges
                0x0000000000000098       0x20 /usr/lib/gcc/arm-none-eabi/6.3.1/../../../arm-none-eabi/lib/thumb/v7e-m/libc.a(lib_a-init.o)
 .debug_aranges
                0x00000000000000b8       0x20 /usr/lib/gcc/arm-none-eabi/6.3.1/../../../arm-none-eabi/lib/thumb/v7e-m/libc.a(lib_a-malloc.o)
 .debug_aranges
                0x00000000000000d8       0x20 /usr/lib/gcc/arm-none-eabi/6.3.1/../../../arm-none-eabi/lib/thumb/v7e-m/libc.a(lib_a-mallocr.o)
 .debug_aranges
                0x00000000000000f8       0x20 /usr/lib/gcc/arm-none-eabi/6.3.1/../../../arm-none-eabi/lib/thumb/v7e-m/libc.a(lib_a-memset.o)
 .debug_aranges
                0x0000000000000118       0x20 /usr/lib/gcc/arm-none-eabi/6.3.1/../../../arm-none-eabi/lib/thumb/v7e-m/libc.a(lib_a-mlock.o)
 .debug_aranges
                0x0000000000000138       0x20 /usr/lib/gcc/arm-none-eabi/6.3.1/../../../arm-none-eabi/lib/thumb/v7e-m/libc.a(lib_a-sbrkr.o)
 .debug_aranges
                0x0000000000000158       0x20 /usr/lib/gcc/arm-none-eabi/6.3.1/../../../arm-none-eabi/lib/thumb/v7e-m/libc.a(lib_a-__atexit.o)
 .debug_aranges
                0x0000000000000178       0x28 /usr/lib/gcc/arm-none-eabi/6.3.1/../../../arm-none-eabi/lib/thumb/v7e-m/libc.a(lib_a-__call_atexit.o)
 .debug_aranges
                0x00000000000001a0       0x20 /usr/lib/gcc/arm-none-eabi/6.3.1/../../../arm-none-eabi/lib/thumb/v7e-m/libc.a(lib_a-freer.o)
 .debug_aranges
                0x00000000000001c0       0x20 /usr/lib/gcc/arm-none-eabi/6.3.1/../../../arm-none-eabi/lib/thumb/v7e-m/libc.a(lib_a-reent.o)
 .debug_aranges
                0x00000000000001e0       0x20 /usr/lib/gcc/arm-none-eabi/6.3.1/../../../arm-none-eabi/lib/thumb/v7e-m/libnosys.a(sbrk.o)
 .debug_aranges
                0x0000000000000200       0x20 /usr/lib/gcc/arm-none-eabi/6.3.1/../../../arm-none-eabi/lib/thumb/v7e-m/libnosys.a(_exit.o)

.debug_loc      0x0000000000000000     0x1a97
 .debug_loc     0x0000000000000000       0x2c /usr/lib/gcc/arm-none-eabi/6.3.1/../../../arm-none-eabi/lib/thumb/v7e-m/libc.a(lib_a-atexit.o)
 .debug_loc     0x000000000000002c       0x1e /usr/lib/gcc/arm-none-eabi/6.3.1/../../../arm-none-eabi/lib/thumb/v7e-m/libc.a(lib_a-exit.o)
 .debug_loc     0x000000000000004a       0x5c /usr/lib/gcc/arm-none-eabi/6.3.1/../../../arm-none-eabi/lib/thumb/v7e-m/libc.a(lib_a-fini.o)
 .debug_loc     0x00000000000000a6       0xae /usr/lib/gcc/arm-none-eabi/6.3.1/../../../arm-none-eabi/lib/thumb/v7e-m/libc.a(lib_a-init.o)
 .debug_loc     0x0000000000000154       0x58 /usr/lib/gcc/arm-none-eabi/6.3.1/../../../arm-none-eabi/lib/thumb/v7e-m/libc.a(lib_a-malloc.o)
 .debug_loc     0x00000000000001ac      0xcf4 /usr/lib/gcc/arm-none-eabi/6.3.1/../../../arm-none-eabi/lib/thumb/v7e-m/libc.a(lib_a-mallocr.o)
 .debug_loc     0x0000000000000ea0      0x1bd /usr/lib/gcc/arm-none-eabi/6.3.1/../../../arm-none-eabi/lib/thumb/v7e-m/libc.a(lib_a-memset.o)
 .debug_loc     0x000000000000105d       0x4d /usr/lib/gcc/arm-none-eabi/6.3.1/../../../arm-none-eabi/lib/thumb/v7e-m/libc.a(lib_a-sbrkr.o)
 .debug_loc     0x00000000000010aa      0x197 /usr/lib/gcc/arm-none-eabi/6.3.1/../../../arm-none-eabi/lib/thumb/v7e-m/libc.a(lib_a-__atexit.o)
 .debug_loc     0x0000000000001241      0x199 /usr/lib/gcc/arm-none-eabi/6.3.1/../../../arm-none-eabi/lib/thumb/v7e-m/libc.a(lib_a-__call_atexit.o)
 .debug_loc     0x00000000000013da      0x568 /usr/lib/gcc/arm-none-eabi/6.3.1/../../../arm-none-eabi/lib/thumb/v7e-m/libc.a(lib_a-freer.o)
 .debug_loc     0x0000000000001942      0x11d /usr/lib/gcc/arm-none-eabi/6.3.1/../../../arm-none-eabi/lib/thumb/v7e-m/libc.a(lib_a-reent.o)
 .debug_loc     0x0000000000001a5f       0x38 /usr/lib/gcc/arm-none-eabi/6.3.1/../../../arm-none-eabi/lib/thumb/v7e-m/libnosys.a(sbrk.o)

.debug_str      0x0000000000000000      0xd7a
 .debug_str     0x0000000000000000      0x52c /usr/lib/gcc/arm-none-eabi/6.3.1/../../../arm-none-eabi/lib/thumb/v7e-m/libc.a(lib_a-atexit.o)
                                        0x5b2 (size before relaxing)
 .debug_str     0x000000000000052c       0x71 /usr/lib/gcc/arm-none-eabi/6.3.1/../../../arm-none-eabi/lib/thumb/v7e-m/libc.a(lib_a-exit.o)
                                        0x5b3 (size before relaxing)
 .debug_str     0x000000000000059d       0xc6 /usr/lib/gcc/arm-none-eabi/6.3.1/../../../arm-none-eabi/lib/thumb/v7e-m/libc.a(lib_a-fini.o)
                                        0x1cb (size before relaxing)
 .debug_str     0x0000000000000663       0x99 /usr/lib/gcc/arm-none-eabi/6.3.1/../../../arm-none-eabi/lib/thumb/v7e-m/libc.a(lib_a-impure.o)
                                        0x567 (size before relaxing)
 .debug_str     0x00000000000006fc       0x93 /usr/lib/gcc/arm-none-eabi/6.3.1/../../../arm-none-eabi/lib/thumb/v7e-m/libc.a(lib_a-init.o)
                                        0x1f5 (size before relaxing)
 .debug_str     0x000000000000078f       0x54 /usr/lib/gcc/arm-none-eabi/6.3.1/../../../arm-none-eabi/lib/thumb/v7e-m/libc.a(lib_a-malloc.o)
                                        0x598 (size before relaxing)
 .debug_str     0x00000000000007e3      0x231 /usr/lib/gcc/arm-none-eabi/6.3.1/../../../arm-none-eabi/lib/thumb/v7e-m/libc.a(lib_a-mallocr.o)
                                        0x7cf (size before relaxing)
 .debug_str     0x0000000000000a14       0xaa /usr/lib/gcc/arm-none-eabi/6.3.1/../../../arm-none-eabi/lib/thumb/v7e-m/libc.a(lib_a-memset.o)
                                        0x57f (size before relaxing)
 .debug_str     0x0000000000000abe       0x45 /usr/lib/gcc/arm-none-eabi/6.3.1/../../../arm-none-eabi/lib/thumb/v7e-m/libc.a(lib_a-mlock.o)
                                        0x58f (size before relaxing)
 .debug_str     0x0000000000000b03       0x44 /usr/lib/gcc/arm-none-eabi/6.3.1/../../../arm-none-eabi/lib/thumb/v7e-m/libc.a(lib_a-sbrkr.o)
                                        0x5aa (size before relaxing)
 .debug_str     0x0000000000000b47       0x41 /usr/lib/gcc/arm-none-eabi/6.3.1/../../../arm-none-eabi/lib/thumb/v7e-m/libc.a(lib_a-__atexit.o)
                                        0x5cc (size before relaxing)
 .debug_str     0x0000000000000b88       0x60 /usr/lib/gcc/arm-none-eabi/6.3.1/../../../arm-none-eabi/lib/thumb/v7e-m/libc.a(lib_a-__call_atexit.o)
                                        0x5dd (size before relaxing)
 .debug_str     0x0000000000000be8       0x34 /usr/lib/gcc/arm-none-eabi/6.3.1/../../../arm-none-eabi/lib/thumb/v7e-m/libc.a(lib_a-freer.o)
                                        0x748 (size before relaxing)
 .debug_str     0x0000000000000c1c       0x5b /usr/lib/gcc/arm-none-eabi/6.3.1/../../../arm-none-eabi/lib/thumb/v7e-m/libc.a(lib_a-reent.o)
                                        0x5a3 (size before relaxing)
 .debug_str     0x0000000000000c77       0xd7 /usr/lib/gcc/arm-none-eabi/6.3.1/../../../arm-none-eabi/lib/thumb/v7e-m/libnosys.a(sbrk.o)
                                         0xf0 (size before relaxing)
 .debug_str     0x0000000000000d4e       0x2c /usr/lib/gcc/arm-none-eabi/6.3.1/../../../arm-none-eabi/lib/thumb/v7e-m/libnosys.a(_exit.o)
                                        0x160 (size before relaxing)

.debug_frame    0x0000000000000000      0x350
 .debug_frame   0x0000000000000000       0x20 /usr/lib/gcc/arm-none-eabi/6.3.1/../../../arm-none-eabi/lib/thumb/v7e-m/libc.a(lib_a-atexit.o)
 .debug_frame   0x0000000000000020       0x28 /usr/lib/gcc/arm-none-eabi/6.3.1/../../../arm-none-eabi/lib/thumb/v7e-m/libc.a(lib_a-exit.o)
 .debug_frame   0x0000000000000048       0x34 /usr/lib/gcc/arm-none-eabi/6.3.1/../../../arm-none-eabi/lib/thumb/v7e-m/libc.a(lib_a-fini.o)
 .debug_frame   0x000000000000007c       0x2c /usr/lib/gcc/arm-none-eabi/6.3.1/../../../arm-none-eabi/lib/thumb/v7e-m/libc.a(lib_a-init.o)
 .debug_frame   0x00000000000000a8       0x30 /usr/lib/gcc/arm-none-eabi/6.3.1/../../../arm-none-eabi/lib/thumb/v7e-m/libc.a(lib_a-malloc.o)
 .debug_frame   0x00000000000000d8       0x58 /usr/lib/gcc/arm-none-eabi/6.3.1/../../../arm-none-eabi/lib/thumb/v7e-m/libc.a(lib_a-mallocr.o)
 .debug_frame   0x0000000000000130       0x34 /usr/lib/gcc/arm-none-eabi/6.3.1/../../../arm-none-eabi/lib/thumb/v7e-m/libc.a(lib_a-memset.o)
 .debug_frame   0x0000000000000164       0x30 /usr/lib/gcc/arm-none-eabi/6.3.1/../../../arm-none-eabi/lib/thumb/v7e-m/libc.a(lib_a-mlock.o)
 .debug_frame   0x0000000000000194       0x2c /usr/lib/gcc/arm-none-eabi/6.3.1/../../../arm-none-eabi/lib/thumb/v7e-m/libc.a(lib_a-sbrkr.o)
 .debug_frame   0x00000000000001c0       0x34 /usr/lib/gcc/arm-none-eabi/6.3.1/../../../arm-none-eabi/lib/thumb/v7e-m/libc.a(lib_a-__atexit.o)
 .debug_frame   0x00000000000001f4       0x50 /usr/lib/gcc/arm-none-eabi/6.3.1/../../../arm-none-eabi/lib/thumb/v7e-m/libc.a(lib_a-__call_atexit.o)
 .debug_frame   0x0000000000000244       0x74 /usr/lib/gcc/arm-none-eabi/6.3.1/../../../arm-none-eabi/lib/thumb/v7e-m/libc.a(lib_a-freer.o)
 .debug_frame   0x00000000000002b8       0x58 /usr/lib/gcc/arm-none-eabi/6.3.1/../../../arm-none-eabi/lib/thumb/v7e-m/libc.a(lib_a-reent.o)
 .debug_frame   0x0000000000000310       0x20 /usr/lib/gcc/arm-none-eabi/6.3.1/../../../arm-none-eabi/lib/thumb/v7e-m/libnosys.a(sbrk.o)
 .debug_frame   0x0000000000000330       0x20 /usr/lib/gcc/arm-none-eabi/6.3.1/../../../arm-none-eabi/lib/thumb/v7e-m/libnosys.a(_exit.o)

.debug_ranges   0x0000000000000000       0x78
 .debug_ranges  0x0000000000000000       0x40 /usr/lib/gcc/arm-none-eabi/6.3.1/../../../arm-none-eabi/lib/thumb/v7e-m/libc.a(lib_a-mallocr.o)
 .debug_ranges  0x0000000000000040       0x38 /usr/lib/gcc/arm-none-eabi/6.3.1/../../../arm-none-eabi/lib/thumb/v7e-m/libc.a(lib_a-__call_atexit.o)
